{"t":{"$date":"2026-07-01T19:51:49.897+05:30"},"s":"I",  "c":"CONTROL",  "id":23285,   "ctx":"thread1","msg":"Automatically disabling TLS 1.0, to force-enable TLS 1.0 specify --sslDisabledProtocols 'none'"}
{"t":{"$date":"2026-07-01T19:51:49.908+05:30"},"s":"I",  "c":"NETWORK",  "id":4915701, "ctx":"thread1","msg":"Initialized wire specification","attr":{"spec":{"incomingExternalClient":{"minWireVersion":0,"maxWireVersion":21},"incomingInternalClient":{"minWireVersion":0,"maxWireVersion":21},"outgoing":{"minWireVersion":6,"maxWireVersion":21},"isInternalClient":true}}}
{"t":{"$date":"2026-07-01T19:51:51.366+05:30"},"s":"I",  "c":"NETWORK",  "id":4648602, "ctx":"thread1","msg":"Implicit TCP FastOpen in use."}
{"t":{"$date":"2026-07-01T19:51:51.391+05:30"},"s":"I",  "c":"REPL",     "id":5123008, "ctx":"thread1","msg":"Successfully registered PrimaryOnlyService","attr":{"service":"TenantMigrationDonorService","namespace":"config.tenantMigrationDonors"}}
{"t":{"$date":"2026-07-01T19:51:51.391+05:30"},"s":"I",  "c":"REPL",     "id":5123008, "ctx":"thread1","msg":"Successfully registered PrimaryOnlyService","attr":{"service":"TenantMigrationRecipientService","namespace":"config.tenantMigrationRecipients"}}
{"t":{"$date":"2026-07-01T19:51:51.391+05:30"},"s":"I",  "c":"CONTROL",  "id":5945603, "ctx":"thread1","msg":"Multi threading initialized"}
{"t":{"$date":"2026-07-01T19:51:51.392+05:30"},"s":"I",  "c":"TENANT_M", "id":7091600, "ctx":"thread1","msg":"Starting TenantMigrationAccessBlockerRegistry"}
{"t":{"$date":"2026-07-01T19:51:51.394+05:30"},"s":"I",  "c":"CONTROL",  "id":4615611, "ctx":"initandlisten","msg":"MongoDB starting","attr":{"pid":29572,"port":27021,"dbPath":"D:/WRMSWork/Accounts/accounts/scratch/test_db","architecture":"64-bit","host":"LAPTOP-1NF3BABK"}}
{"t":{"$date":"2026-07-01T19:51:51.394+05:30"},"s":"I",  "c":"CONTROL",  "id":23398,   "ctx":"initandlisten","msg":"Target operating system minimum version","attr":{"targetMinOS":"Windows 7/Windows Server 2008 R2"}}
{"t":{"$date":"2026-07-01T19:51:51.394+05:30"},"s":"I",  "c":"CONTROL",  "id":23403,   "ctx":"initandlisten","msg":"Build Info","attr":{"buildInfo":{"version":"7.0.12","gitVersion":"b6513ce0781db6818e24619e8a461eae90bc94fc","modules":[],"allocator":"tcmalloc","environment":{"distmod":"windows","distarch":"x86_64","target_arch":"x86_64"}}}}
{"t":{"$date":"2026-07-01T19:51:51.394+05:30"},"s":"I",  "c":"CONTROL",  "id":51765,   "ctx":"initandlisten","msg":"Operating System","attr":{"os":{"name":"Microsoft Windows 10","version":"10.0 (build 26200)"}}}
{"t":{"$date":"2026-07-01T19:51:51.394+05:30"},"s":"I",  "c":"CONTROL",  "id":21951,   "ctx":"initandlisten","msg":"Options set by command line","attr":{"options":{"net":{"port":27021},"storage":{"dbPath":"D:\\WRMSWork\\Accounts\\accounts\\scratch\\test_db","directoryPerDB":true},"systemLog":{"destination":"file","logAppend":true,"path":"D:\\WRMSWork\\Accounts\\accounts\\scratch\\logs\\mongod.log"}}}}
{"t":{"$date":"2026-07-01T19:51:51.399+05:30"},"s":"I",  "c":"STORAGE",  "id":22315,   "ctx":"initandlisten","msg":"Opening WiredTiger","attr":{"config":"create,cache_size=3483M,session_max=33000,eviction=(threads_min=4,threads_max=4),config_base=false,statistics=(fast),log=(enabled=true,remove=true,path=journal,compressor=snappy),builtin_extension_config=(zstd=(compression_level=6)),file_manager=(close_idle_time=600,close_scan_interval=10,close_handle_minimum=2000),statistics_log=(wait=0),json_output=(error,message),verbose=[recovery_progress:1,checkpoint_progress:1,compact_progress:1,backup:0,checkpoint:0,compact:0,evict:0,history_store:0,recovery:0,rts:0,salvage:0,tiered:0,timestamp:0,transaction:0,verify:0,log:0],"}}
{"t":{"$date":"2026-07-01T19:51:51.454+05:30"},"s":"I",  "c":"WTRECOV",  "id":22430,   "ctx":"initandlisten","msg":"WiredTiger message","attr":{"message":{"ts_sec":1782915711,"ts_usec":453854,"thread":"29572:140709760828960","session_name":"txn-recover","category":"WT_VERB_RECOVERY_PROGRESS","category_id":30,"verbose_level":"DEBUG_1","verbose_level_id":1,"msg":"recovery log replay has successfully finished and ran for 1 milliseconds"}}}
{"t":{"$date":"2026-07-01T19:51:51.454+05:30"},"s":"I",  "c":"WTRECOV",  "id":22430,   "ctx":"initandlisten","msg":"WiredTiger message","attr":{"message":{"ts_sec":1782915711,"ts_usec":453854,"thread":"29572:140709760828960","session_name":"txn-recover","category":"WT_VERB_RECOVERY_PROGRESS","category_id":30,"verbose_level":"DEBUG_1","verbose_level_id":1,"msg":"Set global recovery timestamp: (0, 0)"}}}
{"t":{"$date":"2026-07-01T19:51:51.454+05:30"},"s":"I",  "c":"WTRECOV",  "id":22430,   "ctx":"initandlisten","msg":"WiredTiger message","attr":{"message":{"ts_sec":1782915711,"ts_usec":453854,"thread":"29572:140709760828960","session_name":"txn-recover","category":"WT_VERB_RECOVERY_PROGRESS","category_id":30,"verbose_level":"DEBUG_1","verbose_level_id":1,"msg":"Set global oldest timestamp: (0, 0)"}}}
{"t":{"$date":"2026-07-01T19:51:51.454+05:30"},"s":"I",  "c":"WTRECOV",  "id":22430,   "ctx":"initandlisten","msg":"WiredTiger message","attr":{"message":{"ts_sec":1782915711,"ts_usec":454851,"thread":"29572:140709760828960","session_name":"txn-recover","category":"WT_VERB_RECOVERY_PROGRESS","category_id":30,"verbose_level":"DEBUG_1","verbose_level_id":1,"msg":"recovery was completed successfully and took 2ms, including 1ms for the log replay, 0ms for the rollback to stable, and 0ms for the checkpoint."}}}
{"t":{"$date":"2026-07-01T19:51:51.459+05:30"},"s":"I",  "c":"STORAGE",  "id":4795906, "ctx":"initandlisten","msg":"WiredTiger opened","attr":{"durationMillis":60}}
{"t":{"$date":"2026-07-01T19:51:51.460+05:30"},"s":"I",  "c":"RECOVERY", "id":23987,   "ctx":"initandlisten","msg":"WiredTiger recoveryTimestamp","attr":{"recoveryTimestamp":{"$timestamp":{"t":0,"i":0}}}}
{"t":{"$date":"2026-07-01T19:51:51.480+05:30"},"s":"W",  "c":"CONTROL",  "id":22120,   "ctx":"initandlisten","msg":"Access control is not enabled for the database. Read and write access to data and configuration is unrestricted","tags":["startupWarnings"]}
{"t":{"$date":"2026-07-01T19:51:51.481+05:30"},"s":"W",  "c":"CONTROL",  "id":22140,   "ctx":"initandlisten","msg":"This server is bound to localhost. Remote systems will be unable to connect to this server. Start the server with --bind_ip <address> to specify which IP addresses it should serve responses from, or with --bind_ip_all to bind to all interfaces. If this behavior is desired, start the server with --bind_ip 127.0.0.1 to disable this warning","tags":["startupWarnings"]}
{"t":{"$date":"2026-07-01T19:51:51.483+05:30"},"s":"I",  "c":"STORAGE",  "id":20320,   "ctx":"initandlisten","msg":"createCollection","attr":{"namespace":"admin.system.version","uuidDisposition":"provided","uuid":{"uuid":{"$uuid":"0f16e6d0-d158-40e7-a65c-bae57dfa38b3"}},"options":{"uuid":{"$uuid":"0f16e6d0-d158-40e7-a65c-bae57dfa38b3"}}}}
{"t":{"$date":"2026-07-01T19:51:51.497+05:30"},"s":"I",  "c":"INDEX",    "id":20345,   "ctx":"initandlisten","msg":"Index build: done building","attr":{"buildUUID":null,"collectionUUID":{"uuid":{"$uuid":"0f16e6d0-d158-40e7-a65c-bae57dfa38b3"}},"namespace":"admin.system.version","index":"_id_","ident":"admin/index-1--5364202622757018563","collectionIdent":"admin/collection-0--5364202622757018563","commitTimestamp":null}}
{"t":{"$date":"2026-07-01T19:51:51.498+05:30"},"s":"I",  "c":"REPL",     "id":20459,   "ctx":"initandlisten","msg":"Setting featureCompatibilityVersion","attr":{"newVersion":"7.0"}}
{"t":{"$date":"2026-07-01T19:51:51.498+05:30"},"s":"I",  "c":"REPL",     "id":5853300, "ctx":"initandlisten","msg":"current featureCompatibilityVersion value","attr":{"featureCompatibilityVersion":"7.0","context":"setFCV"}}
{"t":{"$date":"2026-07-01T19:51:51.498+05:30"},"s":"I",  "c":"NETWORK",  "id":4915702, "ctx":"initandlisten","msg":"Updated wire specification","attr":{"oldSpec":{"incomingExternalClient":{"minWireVersion":0,"maxWireVersion":21},"incomingInternalClient":{"minWireVersion":0,"maxWireVersion":21},"outgoing":{"minWireVersion":6,"maxWireVersion":21},"isInternalClient":true},"newSpec":{"incomingExternalClient":{"minWireVersion":0,"maxWireVersion":21},"incomingInternalClient":{"minWireVersion":21,"maxWireVersion":21},"outgoing":{"minWireVersion":21,"maxWireVersion":21},"isInternalClient":true}}}
{"t":{"$date":"2026-07-01T19:51:51.499+05:30"},"s":"I",  "c":"NETWORK",  "id":4915702, "ctx":"initandlisten","msg":"Updated wire specification","attr":{"oldSpec":{"incomingExternalClient":{"minWireVersion":0,"maxWireVersion":21},"incomingInternalClient":{"minWireVersion":21,"maxWireVersion":21},"outgoing":{"minWireVersion":21,"maxWireVersion":21},"isInternalClient":true},"newSpec":{"incomingExternalClient":{"minWireVersion":0,"maxWireVersion":21},"incomingInternalClient":{"minWireVersion":21,"maxWireVersion":21},"outgoing":{"minWireVersion":21,"maxWireVersion":21},"isInternalClient":true}}}
{"t":{"$date":"2026-07-01T19:51:51.499+05:30"},"s":"I",  "c":"REPL",     "id":5853300, "ctx":"initandlisten","msg":"current featureCompatibilityVersion value","attr":{"featureCompatibilityVersion":"7.0","context":"startup"}}
{"t":{"$date":"2026-07-01T19:51:51.500+05:30"},"s":"I",  "c":"STORAGE",  "id":5071100, "ctx":"initandlisten","msg":"Clearing temp directory"}
{"t":{"$date":"2026-07-01T19:51:51.501+05:30"},"s":"I",  "c":"CONTROL",  "id":6608200, "ctx":"initandlisten","msg":"Initializing cluster server parameters from disk"}
{"t":{"$date":"2026-07-01T19:51:51.501+05:30"},"s":"I",  "c":"CONTROL",  "id":20536,   "ctx":"initandlisten","msg":"Flow Control is enabled on this deployment"}
{"t":{"$date":"2026-07-01T19:51:51.811+05:30"},"s":"I",  "c":"FTDC",     "id":20625,   "ctx":"initandlisten","msg":"Initializing full-time diagnostic data capture","attr":{"dataDirectory":"D:/WRMSWork/Accounts/accounts/scratch/test_db/diagnostic.data"}}
{"t":{"$date":"2026-07-01T19:51:51.820+05:30"},"s":"I",  "c":"STORAGE",  "id":20320,   "ctx":"initandlisten","msg":"createCollection","attr":{"namespace":"local.startup_log","uuidDisposition":"generated","uuid":{"uuid":{"$uuid":"12556bca-33a6-4276-a923-469d79b3cdf7"}},"options":{"capped":true,"size":10485760}}}
{"t":{"$date":"2026-07-01T19:51:51.830+05:30"},"s":"I",  "c":"INDEX",    "id":20345,   "ctx":"initandlisten","msg":"Index build: done building","attr":{"buildUUID":null,"collectionUUID":{"uuid":{"$uuid":"12556bca-33a6-4276-a923-469d79b3cdf7"}},"namespace":"local.startup_log","index":"_id_","ident":"local/index-3--5364202622757018563","collectionIdent":"local/collection-2--5364202622757018563","commitTimestamp":null}}
{"t":{"$date":"2026-07-01T19:51:51.831+05:30"},"s":"I",  "c":"REPL",     "id":6015317, "ctx":"initandlisten","msg":"Setting new configuration state","attr":{"newState":"ConfigReplicationDisabled","oldState":"ConfigPreStart"}}
{"t":{"$date":"2026-07-01T19:51:51.831+05:30"},"s":"I",  "c":"STORAGE",  "id":22262,   "ctx":"initandlisten","msg":"Timestamp monitor starting"}
{"t":{"$date":"2026-07-01T19:51:51.834+05:30"},"s":"I",  "c":"NETWORK",  "id":23015,   "ctx":"listener","msg":"Listening on","attr":{"address":"127.0.0.1"}}
{"t":{"$date":"2026-07-01T19:51:51.834+05:30"},"s":"I",  "c":"NETWORK",  "id":23016,   "ctx":"listener","msg":"Waiting for connections","attr":{"port":27021,"ssl":"off"}}
{"t":{"$date":"2026-07-01T19:51:51.834+05:30"},"s":"I",  "c":"CONTROL",  "id":8423403, "ctx":"initandlisten","msg":"mongod startup complete","attr":{"Summary of time elapsed":{"Startup from clean shutdown?":true,"Statistics":{"Transport layer setup":"0 ms","Run initial syncer crash recovery":"0 ms","Create storage engine lock file in the data directory":"0 ms","Get metadata describing storage engine":"0 ms","Create storage engine":"75 ms","Write current PID to file":"0 ms","Write a new metadata for storage engine":"0 ms","Initialize FCV before rebuilding indexes":"1 ms","Drop abandoned idents and get back indexes that need to be rebuilt or builds that need to be restarted":"0 ms","Rebuild indexes for collections":"0 ms","Load cluster parameters from disk for a standalone":"1 ms","Build user and roles graph":"0 ms","Set up the background thread pool responsible for waiting for opTimes to be majority committed":"2 ms","Initialize information needed to make a mongod instance shard aware":"0 ms","Start up the replication coordinator":"1 ms","Start transport layer":"1 ms","_initAndListen total elapsed time":"440 ms"}}}}
{"t":{"$date":"2026-07-01T19:51:51.841+05:30"},"s":"I",  "c":"CONTROL",  "id":20712,   "ctx":"LogicalSessionCacheReap","msg":"Sessions collection is not set up; waiting until next sessions reap interval","attr":{"error":"NamespaceNotFound: config.system.sessions does not exist"}}
{"t":{"$date":"2026-07-01T19:51:51.842+05:30"},"s":"I",  "c":"STORAGE",  "id":20320,   "ctx":"LogicalSessionCacheRefresh","msg":"createCollection","attr":{"namespace":"config.system.sessions","uuidDisposition":"generated","uuid":{"uuid":{"$uuid":"9f82e2e6-d511-438f-b30f-648e163fb74e"}},"options":{}}}
{"t":{"$date":"2026-07-01T19:51:51.851+05:30"},"s":"I",  "c":"REPL",     "id":7360102, "ctx":"LogicalSessionCacheRefresh","msg":"Added oplog entry for create to transaction","attr":{"namespace":"config.$cmd","uuid":{"uuid":{"$uuid":"9f82e2e6-d511-438f-b30f-648e163fb74e"}},"object":{"create":"system.sessions","idIndex":{"v":2,"key":{"_id":1},"name":"_id_"}}}}
{"t":{"$date":"2026-07-01T19:51:51.851+05:30"},"s":"I",  "c":"REPL",     "id":7360100, "ctx":"LogicalSessionCacheRefresh","msg":"Added oplog entry for createIndexes to transaction","attr":{"namespace":"config.$cmd","uuid":{"uuid":{"$uuid":"9f82e2e6-d511-438f-b30f-648e163fb74e"}},"object":{"createIndexes":"system.sessions","v":2,"key":{"lastUse":1},"name":"lsidTTLIndex","expireAfterSeconds":1800}}}
{"t":{"$date":"2026-07-01T19:51:51.855+05:30"},"s":"I",  "c":"INDEX",    "id":20345,   "ctx":"LogicalSessionCacheRefresh","msg":"Index build: done building","attr":{"buildUUID":null,"collectionUUID":{"uuid":{"$uuid":"9f82e2e6-d511-438f-b30f-648e163fb74e"}},"namespace":"config.system.sessions","index":"_id_","ident":"config/index-5--5364202622757018563","collectionIdent":"config/collection-4--5364202622757018563","commitTimestamp":null}}
{"t":{"$date":"2026-07-01T19:51:51.855+05:30"},"s":"I",  "c":"INDEX",    "id":20345,   "ctx":"LogicalSessionCacheRefresh","msg":"Index build: done building","attr":{"buildUUID":null,"collectionUUID":{"uuid":{"$uuid":"9f82e2e6-d511-438f-b30f-648e163fb74e"}},"namespace":"config.system.sessions","index":"lsidTTLIndex","ident":"config/index-6--5364202622757018563","collectionIdent":"config/collection-4--5364202622757018563","commitTimestamp":null}}
{"t":{"$date":"2026-07-01T19:51:52.630+05:30"},"s":"I",  "c":"NETWORK",  "id":22943,   "ctx":"listener","msg":"Connection accepted","attr":{"remote":"127.0.0.1:63493","uuid":{"uuid":{"$uuid":"2e450712-e6f8-4c3a-a695-f2cd9c92f11f"}},"connectionId":1,"connectionCount":1}}
{"t":{"$date":"2026-07-01T19:51:52.636+05:30"},"s":"I",  "c":"NETWORK",  "id":22944,   "ctx":"conn1","msg":"Connection ended","attr":{"remote":"127.0.0.1:63493","uuid":{"uuid":{"$uuid":"2e450712-e6f8-4c3a-a695-f2cd9c92f11f"}},"connectionId":1,"connectionCount":0}}
{"t":{"$date":"2026-07-01T19:51:52.814+05:30"},"s":"I",  "c":"NETWORK",  "id":22943,   "ctx":"listener","msg":"Connection accepted","attr":{"remote":"127.0.0.1:63494","uuid":{"uuid":{"$uuid":"da9e4d5d-890b-4bd0-9af4-e0a6b1cdf303"}},"connectionId":2,"connectionCount":1}}
{"t":{"$date":"2026-07-01T19:51:52.817+05:30"},"s":"I",  "c":"NETWORK",  "id":51800,   "ctx":"conn2","msg":"client metadata","attr":{"remote":"127.0.0.1:63494","client":"conn2","negotiatedCompressors":[],"doc":{"driver":{"name":"PyMongo|c|MongoEngine","version":"4.11.1|0.29.3"},"os":{"type":"Windows","name":"Windows","architecture":"AMD64","version":"10.0.26200-SP0"},"platform":"CPython 3.12.4.final.0"}}}
{"t":{"$date":"2026-07-01T19:51:52.822+05:30"},"s":"I",  "c":"NETWORK",  "id":22943,   "ctx":"listener","msg":"Connection accepted","attr":{"remote":"127.0.0.1:63495","uuid":{"uuid":{"$uuid":"5841a43e-f09c-4fe7-a191-38b1bd0cbfb7"}},"connectionId":3,"connectionCount":2}}
{"t":{"$date":"2026-07-01T19:51:52.823+05:30"},"s":"I",  "c":"NETWORK",  "id":22943,   "ctx":"listener","msg":"Connection accepted","attr":{"remote":"127.0.0.1:63496","uuid":{"uuid":{"$uuid":"37d3efff-18e7-4e8a-ad65-57988701b879"}},"connectionId":4,"connectionCount":3}}
{"t":{"$date":"2026-07-01T19:51:52.823+05:30"},"s":"I",  "c":"NETWORK",  "id":51800,   "ctx":"conn3","msg":"client metadata","attr":{"remote":"127.0.0.1:63495","client":"conn3","negotiatedCompressors":[],"doc":{"driver":{"name":"PyMongo|c|MongoEngine","version":"4.11.1|0.29.3"},"os":{"type":"Windows","name":"Windows","architecture":"AMD64","version":"10.0.26200-SP0"},"platform":"CPython 3.12.4.final.0"}}}
{"t":{"$date":"2026-07-01T19:51:52.824+05:30"},"s":"I",  "c":"NETWORK",  "id":6788700, "ctx":"conn3","msg":"Received first command on ingress connection since session start or auth handshake","attr":{"elapsedMillis":0}}
{"t":{"$date":"2026-07-01T19:51:52.824+05:30"},"s":"I",  "c":"NETWORK",  "id":51800,   "ctx":"conn4","msg":"client metadata","attr":{"remote":"127.0.0.1:63496","client":"conn4","negotiatedCompressors":[],"doc":{"driver":{"name":"PyMongo|c|MongoEngine","version":"4.11.1|0.29.3"},"os":{"type":"Windows","name":"Windows","architecture":"AMD64","version":"10.0.26200-SP0"},"platform":"CPython 3.12.4.final.0"}}}
{"t":{"$date":"2026-07-01T19:51:52.836+05:30"},"s":"I",  "c":"STORAGE",  "id":20320,   "ctx":"conn3","msg":"createCollection","attr":{"namespace":"test_pro_accounts.companies","uuidDisposition":"generated","uuid":{"uuid":{"$uuid":"a6eefc43-32c5-44ff-be34-03d7019eba7e"}},"options":{}}}
{"t":{"$date":"2026-07-01T19:51:52.858+05:30"},"s":"I",  "c":"REPL",     "id":7360102, "ctx":"conn3","msg":"Added oplog entry for create to transaction","attr":{"namespace":"test_pro_accounts.$cmd","uuid":{"uuid":{"$uuid":"a6eefc43-32c5-44ff-be34-03d7019eba7e"}},"object":{"create":"companies","idIndex":{"v":2,"key":{"_id":1},"name":"_id_"}}}}
{"t":{"$date":"2026-07-01T19:51:52.858+05:30"},"s":"I",  "c":"INDEX",    "id":20345,   "ctx":"conn3","msg":"Index build: done building","attr":{"buildUUID":null,"collectionUUID":{"uuid":{"$uuid":"a6eefc43-32c5-44ff-be34-03d7019eba7e"}},"namespace":"test_pro_accounts.companies","index":"_id_","ident":"test_pro_accounts/index-8--5364202622757018563","collectionIdent":"test_pro_accounts/collection-7--5364202622757018563","commitTimestamp":null}}
{"t":{"$date":"2026-07-01T19:51:52.876+05:30"},"s":"I",  "c":"STORAGE",  "id":20320,   "ctx":"conn3","msg":"createCollection","attr":{"namespace":"Alpha_Company_2026_2027.database_meta","uuidDisposition":"generated","uuid":{"uuid":{"$uuid":"1d281946-de3e-49de-a6f2-8e154cc3cf55"}},"options":{}}}
{"t":{"$date":"2026-07-01T19:51:52.887+05:30"},"s":"I",  "c":"REPL",     "id":7360102, "ctx":"conn3","msg":"Added oplog entry for create to transaction","attr":{"namespace":"Alpha_Company_2026_2027.$cmd","uuid":{"uuid":{"$uuid":"1d281946-de3e-49de-a6f2-8e154cc3cf55"}},"object":{"create":"database_meta","idIndex":{"v":2,"key":{"_id":1},"name":"_id_"}}}}
{"t":{"$date":"2026-07-01T19:51:52.887+05:30"},"s":"I",  "c":"INDEX",    "id":20345,   "ctx":"conn3","msg":"Index build: done building","attr":{"buildUUID":null,"collectionUUID":{"uuid":{"$uuid":"1d281946-de3e-49de-a6f2-8e154cc3cf55"}},"namespace":"Alpha_Company_2026_2027.database_meta","index":"_id_","ident":"Alpha_Company_2026_2027/index-10--5364202622757018563","collectionIdent":"Alpha_Company_2026_2027/collection-9--5364202622757018563","commitTimestamp":null}}
{"t":{"$date":"2026-07-01T19:51:52.906+05:30"},"s":"I",  "c":"STORAGE",  "id":20320,   "ctx":"conn3","msg":"createCollection","attr":{"namespace":"Alpha_Company_2026_2027.groups","uuidDisposition":"generated","uuid":{"uuid":{"$uuid":"8fe6f82a-2136-41dd-ad4f-fa1e33e9942f"}},"options":{}}}
{"t":{"$date":"2026-07-01T19:51:52.916+05:30"},"s":"I",  "c":"REPL",     "id":7360102, "ctx":"conn3","msg":"Added oplog entry for create to transaction","attr":{"namespace":"Alpha_Company_2026_2027.$cmd","uuid":{"uuid":{"$uuid":"8fe6f82a-2136-41dd-ad4f-fa1e33e9942f"}},"object":{"create":"groups","idIndex":{"v":2,"key":{"_id":1},"name":"_id_"}}}}
{"t":{"$date":"2026-07-01T19:51:52.916+05:30"},"s":"I",  "c":"INDEX",    "id":20345,   "ctx":"conn3","msg":"Index build: done building","attr":{"buildUUID":null,"collectionUUID":{"uuid":{"$uuid":"8fe6f82a-2136-41dd-ad4f-fa1e33e9942f"}},"namespace":"Alpha_Company_2026_2027.groups","index":"_id_","ident":"Alpha_Company_2026_2027/index-12--5364202622757018563","collectionIdent":"Alpha_Company_2026_2027/collection-11--5364202622757018563","commitTimestamp":null}}
{"t":{"$date":"2026-07-01T19:51:52.932+05:30"},"s":"I",  "c":"STORAGE",  "id":20320,   "ctx":"conn3","msg":"createCollection","attr":{"namespace":"Alpha_Company_2026_2027.stock_units","uuidDisposition":"generated","uuid":{"uuid":{"$uuid":"35ea6b70-b0cb-4fba-9eeb-186bcd5bb1f5"}},"options":{}}}
{"t":{"$date":"2026-07-01T19:51:52.940+05:30"},"s":"I",  "c":"REPL",     "id":7360102, "ctx":"conn3","msg":"Added oplog entry for create to transaction","attr":{"namespace":"Alpha_Company_2026_2027.$cmd","uuid":{"uuid":{"$uuid":"35ea6b70-b0cb-4fba-9eeb-186bcd5bb1f5"}},"object":{"create":"stock_units","idIndex":{"v":2,"key":{"_id":1},"name":"_id_"}}}}
{"t":{"$date":"2026-07-01T19:51:52.940+05:30"},"s":"I",  "c":"INDEX",    "id":20345,   "ctx":"conn3","msg":"Index build: done building","attr":{"buildUUID":null,"collectionUUID":{"uuid":{"$uuid":"35ea6b70-b0cb-4fba-9eeb-186bcd5bb1f5"}},"namespace":"Alpha_Company_2026_2027.stock_units","index":"_id_","ident":"Alpha_Company_2026_2027/index-14--5364202622757018563","collectionIdent":"Alpha_Company_2026_2027/collection-13--5364202622757018563","commitTimestamp":null}}
{"t":{"$date":"2026-07-01T19:51:52.952+05:30"},"s":"I",  "c":"STORAGE",  "id":20320,   "ctx":"conn3","msg":"createCollection","attr":{"namespace":"Alpha_Company_2026_2027.stock_groups","uuidDisposition":"generated","uuid":{"uuid":{"$uuid":"9873a122-952c-41ce-8766-c045a50b5d76"}},"options":{}}}
{"t":{"$date":"2026-07-01T19:51:52.961+05:30"},"s":"I",  "c":"REPL",     "id":7360102, "ctx":"conn3","msg":"Added oplog entry for create to transaction","attr":{"namespace":"Alpha_Company_2026_2027.$cmd","uuid":{"uuid":{"$uuid":"9873a122-952c-41ce-8766-c045a50b5d76"}},"object":{"create":"stock_groups","idIndex":{"v":2,"key":{"_id":1},"name":"_id_"}}}}
{"t":{"$date":"2026-07-01T19:51:52.961+05:30"},"s":"I",  "c":"INDEX",    "id":20345,   "ctx":"conn3","msg":"Index build: done building","attr":{"buildUUID":null,"collectionUUID":{"uuid":{"$uuid":"9873a122-952c-41ce-8766-c045a50b5d76"}},"namespace":"Alpha_Company_2026_2027.stock_groups","index":"_id_","ident":"Alpha_Company_2026_2027/index-16--5364202622757018563","collectionIdent":"Alpha_Company_2026_2027/collection-15--5364202622757018563","commitTimestamp":null}}
{"t":{"$date":"2026-07-01T19:51:52.975+05:30"},"s":"I",  "c":"NETWORK",  "id":22943,   "ctx":"listener","msg":"Connection accepted","attr":{"remote":"127.0.0.1:63497","uuid":{"uuid":{"$uuid":"298e1f1b-1702-4178-82ea-22d554e1cafd"}},"connectionId":5,"connectionCount":4}}
{"t":{"$date":"2026-07-01T19:51:52.975+05:30"},"s":"I",  "c":"NETWORK",  "id":51800,   "ctx":"conn5","msg":"client metadata","attr":{"remote":"127.0.0.1:63497","client":"conn5","negotiatedCompressors":[],"doc":{"driver":{"name":"PyMongo|c","version":"4.11.1"},"os":{"type":"Windows","name":"Windows","architecture":"AMD64","version":"10.0.26200-SP0"},"platform":"CPython 3.12.4.final.0"}}}
{"t":{"$date":"2026-07-01T19:51:52.977+05:30"},"s":"I",  "c":"NETWORK",  "id":22943,   "ctx":"listener","msg":"Connection accepted","attr":{"remote":"127.0.0.1:63498","uuid":{"uuid":{"$uuid":"2017659e-4a9f-4ec1-9c92-377b9aa7e7ad"}},"connectionId":6,"connectionCount":5}}
{"t":{"$date":"2026-07-01T19:51:52.977+05:30"},"s":"I",  "c":"NETWORK",  "id":22943,   "ctx":"listener","msg":"Connection accepted","attr":{"remote":"127.0.0.1:63499","uuid":{"uuid":{"$uuid":"69566d1a-109f-4fde-86a8-1208c199257b"}},"connectionId":7,"connectionCount":6}}
{"t":{"$date":"2026-07-01T19:51:52.980+05:30"},"s":"I",  "c":"NETWORK",  "id":51800,   "ctx":"conn6","msg":"client metadata","attr":{"remote":"127.0.0.1:63498","client":"conn6","negotiatedCompressors":[],"doc":{"driver":{"name":"PyMongo|c","version":"4.11.1"},"os":{"type":"Windows","name":"Windows","architecture":"AMD64","version":"10.0.26200-SP0"},"platform":"CPython 3.12.4.final.0"}}}
{"t":{"$date":"2026-07-01T19:51:52.981+05:30"},"s":"I",  "c":"NETWORK",  "id":51800,   "ctx":"conn7","msg":"client metadata","attr":{"remote":"127.0.0.1:63499","client":"conn7","negotiatedCompressors":[],"doc":{"driver":{"name":"PyMongo|c","version":"4.11.1"},"os":{"type":"Windows","name":"Windows","architecture":"AMD64","version":"10.0.26200-SP0"},"platform":"CPython 3.12.4.final.0"}}}
{"t":{"$date":"2026-07-01T19:51:52.981+05:30"},"s":"I",  "c":"NETWORK",  "id":6788700, "ctx":"conn6","msg":"Received first command on ingress connection since session start or auth handshake","attr":{"elapsedMillis":1}}
{"t":{"$date":"2026-07-01T19:51:52.984+05:30"},"s":"I",  "c":"COMMAND",  "id":4695400, "ctx":"conn6","msg":"Terminating via shutdown command","attr":{"force":false,"timeoutMillis":15000}}
{"t":{"$date":"2026-07-01T19:51:52.984+05:30"},"s":"I",  "c":"REPL",     "id":4794602, "ctx":"thread33","msg":"Attempting to enter quiesce mode"}
{"t":{"$date":"2026-07-01T19:51:52.985+05:30"},"s":"I",  "c":"-",        "id":6371601, "ctx":"thread33","msg":"Shutting down the FLE Crud thread pool"}
{"t":{"$date":"2026-07-01T19:51:52.985+05:30"},"s":"I",  "c":"COMMAND",  "id":4784901, "ctx":"thread33","msg":"Shutting down the MirrorMaestro"}
{"t":{"$date":"2026-07-01T19:51:52.985+05:30"},"s":"I",  "c":"SHARDING", "id":4784902, "ctx":"thread33","msg":"Shutting down the WaitForMajorityService"}
{"t":{"$date":"2026-07-01T19:51:52.986+05:30"},"s":"I",  "c":"CONTROL",  "id":4784903, "ctx":"thread33","msg":"Shutting down the LogicalSessionCache"}
{"t":{"$date":"2026-07-01T19:51:52.986+05:30"},"s":"I",  "c":"NETWORK",  "id":20562,   "ctx":"thread33","msg":"Shutdown: going to close listening sockets"}
{"t":{"$date":"2026-07-01T19:51:52.987+05:30"},"s":"I",  "c":"NETWORK",  "id":4784905, "ctx":"thread33","msg":"Shutting down the global connection pool"}
{"t":{"$date":"2026-07-01T19:51:52.987+05:30"},"s":"I",  "c":"CONTROL",  "id":4784906, "ctx":"thread33","msg":"Shutting down the FlowControlTicketholder"}
{"t":{"$date":"2026-07-01T19:51:52.987+05:30"},"s":"I",  "c":"-",        "id":20520,   "ctx":"thread33","msg":"Stopping further Flow Control ticket acquisitions."}
{"t":{"$date":"2026-07-01T19:51:52.987+05:30"},"s":"I",  "c":"CONTROL",  "id":4784908, "ctx":"thread33","msg":"Shutting down the PeriodicThreadToAbortExpiredTransactions"}
{"t":{"$date":"2026-07-01T19:51:52.987+05:30"},"s":"I",  "c":"REPL",     "id":4784909, "ctx":"thread33","msg":"Shutting down the ReplicationCoordinator"}
{"t":{"$date":"2026-07-01T19:51:52.987+05:30"},"s":"I",  "c":"SHARDING", "id":4784910, "ctx":"thread33","msg":"Shutting down the ShardingInitializationMongoD"}
{"t":{"$date":"2026-07-01T19:51:52.988+05:30"},"s":"I",  "c":"REPL",     "id":4784911, "ctx":"thread33","msg":"Enqueuing the ReplicationStateTransitionLock for shutdown"}
{"t":{"$date":"2026-07-01T19:51:52.988+05:30"},"s":"I",  "c":"-",        "id":4784912, "ctx":"thread33","msg":"Killing all operations for shutdown"}
{"t":{"$date":"2026-07-01T19:51:52.988+05:30"},"s":"I",  "c":"-",        "id":4695300, "ctx":"thread33","msg":"Interrupted all currently running operations","attr":{"opsKilled":6}}
{"t":{"$date":"2026-07-01T19:51:52.988+05:30"},"s":"I",  "c":"TENANT_M", "id":5093807, "ctx":"thread33","msg":"Shutting down all TenantMigrationAccessBlockers on global shutdown"}
{"t":{"$date":"2026-07-01T19:51:52.989+05:30"},"s":"I",  "c":"ASIO",     "id":22582,   "ctx":"TenantMigrationBlockerNet","msg":"Killing all outstanding egress activity."}
{"t":{"$date":"2026-07-01T19:51:52.990+05:30"},"s":"I",  "c":"ASIO",     "id":6529201, "ctx":"thread33","msg":"Network interface redundant shutdown","attr":{"state":"Stopped"}}
{"t":{"$date":"2026-07-01T19:51:52.990+05:30"},"s":"I",  "c":"NETWORK",  "id":22944,   "ctx":"conn5","msg":"Connection ended","attr":{"remote":"127.0.0.1:63497","uuid":{"uuid":{"$uuid":"298e1f1b-1702-4178-82ea-22d554e1cafd"}},"connectionId":5,"connectionCount":5}}
{"t":{"$date":"2026-07-01T19:51:52.990+05:30"},"s":"I",  "c":"NETWORK",  "id":22944,   "ctx":"conn2","msg":"Connection ended","attr":{"remote":"127.0.0.1:63494","uuid":{"uuid":{"$uuid":"da9e4d5d-890b-4bd0-9af4-e0a6b1cdf303"}},"connectionId":2,"connectionCount":4}}
{"t":{"$date":"2026-07-01T19:51:52.990+05:30"},"s":"I",  "c":"ASIO",     "id":22582,   "ctx":"thread33","msg":"Killing all outstanding egress activity."}
{"t":{"$date":"2026-07-01T19:51:52.990+05:30"},"s":"I",  "c":"NETWORK",  "id":22944,   "ctx":"conn3","msg":"Connection ended","attr":{"remote":"127.0.0.1:63495","uuid":{"uuid":{"$uuid":"5841a43e-f09c-4fe7-a191-38b1bd0cbfb7"}},"connectionId":3,"connectionCount":3}}
{"t":{"$date":"2026-07-01T19:51:52.990+05:30"},"s":"I",  "c":"COMMAND",  "id":4784913, "ctx":"thread33","msg":"Shutting down all open transactions"}
{"t":{"$date":"2026-07-01T19:51:52.990+05:30"},"s":"I",  "c":"REPL",     "id":4784914, "ctx":"thread33","msg":"Acquiring the ReplicationStateTransitionLock for shutdown"}
{"t":{"$date":"2026-07-01T19:51:52.990+05:30"},"s":"I",  "c":"INDEX",    "id":4784915, "ctx":"thread33","msg":"Shutting down the IndexBuildsCoordinator"}
{"t":{"$date":"2026-07-01T19:51:52.990+05:30"},"s":"I",  "c":"NETWORK",  "id":4784918, "ctx":"thread33","msg":"Shutting down the ReplicaSetMonitor"}
{"t":{"$date":"2026-07-01T19:51:52.991+05:30"},"s":"I",  "c":"SHARDING", "id":4784921, "ctx":"thread33","msg":"Shutting down the MigrationUtilExecutor"}
{"t":{"$date":"2026-07-01T19:51:52.992+05:30"},"s":"I",  "c":"ASIO",     "id":22582,   "ctx":"MigrationUtil-TaskExecutor","msg":"Killing all outstanding egress activity."}
{"t":{"$date":"2026-07-01T19:51:52.992+05:30"},"s":"I",  "c":"COMMAND",  "id":4784923, "ctx":"thread33","msg":"Shutting down the ServiceEntryPoint"}
{"t":{"$date":"2026-07-01T19:51:52.992+05:30"},"s":"I",  "c":"CONTROL",  "id":4784927, "ctx":"thread33","msg":"Shutting down the HealthLog"}
{"t":{"$date":"2026-07-01T19:51:52.992+05:30"},"s":"I",  "c":"CONTROL",  "id":4784928, "ctx":"thread33","msg":"Shutting down the TTL monitor"}
{"t":{"$date":"2026-07-01T19:51:52.992+05:30"},"s":"I",  "c":"INDEX",    "id":3684100, "ctx":"thread33","msg":"Shutting down TTL collection monitor thread"}
{"t":{"$date":"2026-07-01T19:51:52.992+05:30"},"s":"I",  "c":"INDEX",    "id":3684101, "ctx":"thread33","msg":"Finished shutting down TTL collection monitor thread"}
{"t":{"$date":"2026-07-01T19:51:52.992+05:30"},"s":"I",  "c":"CONTROL",  "id":6278511, "ctx":"thread33","msg":"Shutting down the Change Stream Expired Pre-images Remover"}
{"t":{"$date":"2026-07-01T19:51:52.992+05:30"},"s":"I",  "c":"CONTROL",  "id":4784929, "ctx":"thread33","msg":"Acquiring the global lock for shutdown"}
{"t":{"$date":"2026-07-01T19:51:52.992+05:30"},"s":"I",  "c":"CONTROL",  "id":4784930, "ctx":"thread33","msg":"Shutting down the storage engine"}
{"t":{"$date":"2026-07-01T19:51:52.992+05:30"},"s":"I",  "c":"STORAGE",  "id":22320,   "ctx":"thread33","msg":"Shutting down journal flusher thread"}
{"t":{"$date":"2026-07-01T19:51:52.992+05:30"},"s":"I",  "c":"STORAGE",  "id":22321,   "ctx":"thread33","msg":"Finished shutting down journal flusher thread"}
{"t":{"$date":"2026-07-01T19:51:52.992+05:30"},"s":"I",  "c":"STORAGE",  "id":22322,   "ctx":"thread33","msg":"Shutting down checkpoint thread"}
{"t":{"$date":"2026-07-01T19:51:52.992+05:30"},"s":"I",  "c":"STORAGE",  "id":22323,   "ctx":"thread33","msg":"Finished shutting down checkpoint thread"}
{"t":{"$date":"2026-07-01T19:51:52.992+05:30"},"s":"I",  "c":"STORAGE",  "id":22261,   "ctx":"thread33","msg":"Timestamp monitor shutting down"}
{"t":{"$date":"2026-07-01T19:51:52.992+05:30"},"s":"I",  "c":"STORAGE",  "id":20282,   "ctx":"thread33","msg":"Deregistering all the collections"}
{"t":{"$date":"2026-07-01T19:51:52.992+05:30"},"s":"I",  "c":"STORAGE",  "id":22317,   "ctx":"thread33","msg":"WiredTigerKVEngine shutting down"}
{"t":{"$date":"2026-07-01T19:51:52.992+05:30"},"s":"I",  "c":"STORAGE",  "id":22318,   "ctx":"thread33","msg":"Shutting down session sweeper thread"}
{"t":{"$date":"2026-07-01T19:51:52.993+05:30"},"s":"I",  "c":"STORAGE",  "id":22319,   "ctx":"thread33","msg":"Finished shutting down session sweeper thread"}
{"t":{"$date":"2026-07-01T19:51:52.994+05:30"},"s":"I",  "c":"STORAGE",  "id":4795902, "ctx":"thread33","msg":"Closing WiredTiger","attr":{"closeConfig":"leak_memory=true,use_timestamp=false,"}}
{"t":{"$date":"2026-07-01T19:51:52.997+05:30"},"s":"I",  "c":"WTCHKPT",  "id":22430,   "ctx":"thread33","msg":"WiredTiger message","attr":{"message":{"ts_sec":1782915712,"ts_usec":997273,"thread":"29572:140709760828960","session_name":"close_ckpt","category":"WT_VERB_CHECKPOINT_PROGRESS","category_id":6,"verbose_level":"DEBUG_1","verbose_level_id":1,"msg":"saving checkpoint snapshot min: 117, snapshot max: 117 snapshot count: 0, oldest timestamp: (0, 0) , meta checkpoint timestamp: (0, 0) base write gen: 1"}}}
{"t":{"$date":"2026-07-01T19:51:53.018+05:30"},"s":"I",  "c":"WTRECOV",  "id":22430,   "ctx":"thread33","msg":"WiredTiger message","attr":{"message":{"ts_sec":1782915713,"ts_usec":17503,"thread":"29572:140709760828960","session_name":"WT_CONNECTION.close","category":"WT_VERB_RECOVERY_PROGRESS","category_id":30,"verbose_level":"DEBUG_1","verbose_level_id":1,"msg":"shutdown checkpoint has successfully finished and ran for 23 milliseconds"}}}
{"t":{"$date":"2026-07-01T19:51:53.018+05:30"},"s":"I",  "c":"WTRECOV",  "id":22430,   "ctx":"thread33","msg":"WiredTiger message","attr":{"message":{"ts_sec":1782915713,"ts_usec":17503,"thread":"29572:140709760828960","session_name":"WT_CONNECTION.close","category":"WT_VERB_RECOVERY_PROGRESS","category_id":30,"verbose_level":"DEBUG_1","verbose_level_id":1,"msg":"shutdown was completed successfully and took 24ms, including 0ms for the rollback to stable, and 23ms for the checkpoint."}}}
{"t":{"$date":"2026-07-01T19:51:53.086+05:30"},"s":"I",  "c":"STORAGE",  "id":4795901, "ctx":"thread33","msg":"WiredTiger closed","attr":{"durationMillis":92}}
{"t":{"$date":"2026-07-01T19:51:53.086+05:30"},"s":"I",  "c":"STORAGE",  "id":22281,   "ctx":"thread33","msg":"shutdown: removing fs lock..."}
{"t":{"$date":"2026-07-01T19:51:53.086+05:30"},"s":"I",  "c":"-",        "id":4784931, "ctx":"thread33","msg":"Dropping the scope cache for shutdown"}
{"t":{"$date":"2026-07-01T19:51:53.086+05:30"},"s":"I",  "c":"FTDC",     "id":20626,   "ctx":"thread33","msg":"Shutting down full-time diagnostic data capture"}
{"t":{"$date":"2026-07-01T19:51:53.088+05:30"},"s":"I",  "c":"CONTROL",  "id":20565,   "ctx":"thread33","msg":"Now exiting"}
{"t":{"$date":"2026-07-01T19:51:53.089+05:30"},"s":"I",  "c":"CONTROL",  "id":8423404, "ctx":"thread33","msg":"mongod shutdown complete","attr":{"Summary of time elapsed":{"Statistics":{"Time spent in quiesce mode":"0 ms","Shut down FLE Crud subsystem":"1 ms","Shut down MirrorMaestro":"0 ms","Shut down WaitForMajorityService":"1 ms","Shut down the logical session cache":"0 ms","Shut down the transport layer":"0 ms","Shut down the global connection pool":"1 ms","Shut down the flow control ticket holder":"0 ms","Kill all operations for shutdown":"0 ms","Shut down all tenant migration access blockers on global shutdown":"2 ms","Shut down all open transactions":"0 ms","Acquire the RSTL for shutdown":"0 ms","Shut down the IndexBuildsCoordinator and wait for index builds to finish":"0 ms","Shut down the replica set monitor":"0 ms","Shut down the migration util executor":"1 ms","Shut down the health log":"0 ms","Shut down the TTL monitor":"0 ms","Shut down expired pre-images and documents removers":"0 ms","Shut down the storage engine":"94 ms","Wait for the oplog cap maintainer thread to stop":"0 ms","Shut down full-time data capture":"0 ms","shutdownTask total elapsed time":"104 ms"}}}}
{"t":{"$date":"2026-07-01T19:51:53.089+05:30"},"s":"I",  "c":"CONTROL",  "id":23138,   "ctx":"thread33","msg":"Shutting down","attr":{"exitCode":0}}
